Name                        Regions    Miss   Cover     Lines    Miss   Cover  Branches    Miss   Cover
-------------------------------------------------------------------------------------------------------
weft_builder                      1       0 100.00%         3       0 100.00%         0       0   0.00%
weft_run                         14       0 100.00%        15       0 100.00%         4       1  75.00%
weft_compile                     69       5  92.75%        62       1  98.39%        58      10  82.76%
weft_splat_8                      2       0 100.00%         1       0 100.00%         0       0   0.00%
weft_splat_16                     2       0 100.00%         1       0 100.00%         0       0   0.00%
weft_splat_32                     2       0 100.00%         1       0 100.00%         0       0   0.00%
weft_splat_64                     2       0 100.00%         1       0 100.00%         0       0   0.00%
weft_uniform_8                    2       0 100.00%         1       0 100.00%         0       0   0.00%
weft_uniform_16                   2       0 100.00%         1       0 100.00%         0       0   0.00%
weft_uniform_32                   2       0 100.00%         1       0 100.00%         0       0   0.00%
weft_uniform_64                   2       0 100.00%         1       0 100.00%         0       0   0.00%
weft_load_8                       2       0 100.00%         1       0 100.00%         0       0   0.00%
weft_load_16                      2       0 100.00%         1       0 100.00%         0       0   0.00%
weft_load_32                      2       0 100.00%         1       0 100.00%         0       0   0.00%
weft_load_64                      2       0 100.00%         1       0 100.00%         0       0   0.00%
weft_store_8                      1       0 100.00%         3       0 100.00%         0       0   0.00%
weft_store_16                     1       0 100.00%         3       0 100.00%         0       0   0.00%
weft_store_32                     1       0 100.00%         3       0 100.00%         0       0   0.00%
weft_store_64                     1       0 100.00%         3       0 100.00%         0       0   0.00%
weft_assert_8                     1       0 100.00%         1       0 100.00%         0       0   0.00%
weft_assert_16                    1       0 100.00%         1       0 100.00%         0       0   0.00%
weft_assert_32                    1       0 100.00%         1       0 100.00%         0       0   0.00%
weft_assert_64                    1       0 100.00%         1       0 100.00%         0       0   0.00%
weft_cast_f16                     2       2   0.00%         1       1   0.00%         0       0   0.00%
weft_cast_s16                     2       2   0.00%         1       1   0.00%         0       0   0.00%
weft_ceil_f16                     2       0 100.00%         1       0 100.00%         0       0   0.00%
weft_floor_f16                    2       0 100.00%         1       0 100.00%         0       0   0.00%
weft_sqrt_f16                     2       0 100.00%         1       0 100.00%         0       0   0.00%
weft_add_f16                     14       0 100.00%         8       0 100.00%         8       0 100.00%
weft_sub_f16                      8       0 100.00%         5       0 100.00%         4       0 100.00%
weft_mul_f16                      8       0 100.00%         7       0 100.00%         4       0 100.00%
weft_div_f16                      5       0 100.00%         4       0 100.00%         2       0 100.00%
weft_eq_f16                       2       0 100.00%         2       0 100.00%         0       0   0.00%
weft_lt_f16                       2       2   0.00%         1       1   0.00%         0       0   0.00%
weft_le_f16                       2       2   0.00%         1       1   0.00%         0       0   0.00%
weft_gt_f16                       2       2   0.00%         1       1   0.00%         0       0   0.00%
weft_ge_f16                       2       2   0.00%         1       1   0.00%         0       0   0.00%
weft_cast_f32                     2       2   0.00%         1       1   0.00%         0       0   0.00%
weft_cast_s32                     2       2   0.00%         1       1   0.00%         0       0   0.00%
weft_ceil_f32                     2       0 100.00%         1       0 100.00%         0       0   0.00%
weft_floor_f32                    2       0 100.00%         1       0 100.00%         0       0   0.00%
weft_sqrt_f32                     2       0 100.00%         1       0 100.00%         0       0   0.00%
weft_add_f32                     14       0 100.00%         8       0 100.00%         8       0 100.00%
weft_sub_f32                      8       0 100.00%         5       0 100.00%         4       0 100.00%
weft_mul_f32                      8       0 100.00%         7       0 100.00%         4       0 100.00%
weft_div_f32                      5       0 100.00%         4       0 100.00%         2       0 100.00%
weft_eq_f32                       2       0 100.00%         2       0 100.00%         0       0   0.00%
weft_lt_f32                       2       2   0.00%         1       1   0.00%         0       0   0.00%
weft_le_f32                       2       2   0.00%         1       1   0.00%         0       0   0.00%
weft_gt_f32                       2       2   0.00%         1       1   0.00%         0       0   0.00%
weft_ge_f32                       2       2   0.00%         1       1   0.00%         0       0   0.00%
weft_cast_f64                     2       2   0.00%         1       1   0.00%         0       0   0.00%
weft_cast_s64                     2       2   0.00%         1       1   0.00%         0       0   0.00%
weft_ceil_f64                     2       0 100.00%         1       0 100.00%         0       0   0.00%
weft_floor_f64                    2       0 100.00%         1       0 100.00%         0       0   0.00%
weft_sqrt_f64                     2       0 100.00%         1       0 100.00%         0       0   0.00%
weft_add_f64                     14       0 100.00%         8       0 100.00%         8       0 100.00%
weft_sub_f64                      8       0 100.00%         5       0 100.00%         4       0 100.00%
weft_mul_f64                      8       0 100.00%         7       0 100.00%         4       0 100.00%
weft_div_f64                      5       0 100.00%         4       0 100.00%         2       0 100.00%
weft_eq_f64                       2       0 100.00%         2       0 100.00%         0       0   0.00%
weft_lt_f64                       2       2   0.00%         1       1   0.00%         0       0   0.00%
weft_le_f64                       2       2   0.00%         1       1   0.00%         0       0   0.00%
weft_gt_f64                       2       2   0.00%         1       1   0.00%         0       0   0.00%
weft_ge_f64                       2       2   0.00%         1       1   0.00%         0       0   0.00%
weft_not_8                        2       0 100.00%         1       0 100.00%         0       0   0.00%
weft_add_i8                       8       0 100.00%         6       0 100.00%         4       0 100.00%
weft_sub_i8                       8       0 100.00%         5       0 100.00%         4       0 100.00%
weft_mul_i8                      14       0 100.00%         8       0 100.00%         8       0 100.00%
weft_shl_i8                       9       1  88.89%         7       0 100.00%         4       1  75.00%
weft_shr_s8                       9       1  88.89%         7       0 100.00%         4       1  75.00%
weft_shr_u8                       9       1  88.89%         7       0 100.00%         4       1  75.00%
weft_and_8                       17       5  70.59%         9       0 100.00%        10       5  50.00%
weft_or_8                        17      17   0.00%         9       9   0.00%        10      10   0.00%
weft_xor_8                       11       3  72.73%         7       0 100.00%         6       3  50.00%
weft_sel_8                       15       4  73.33%         7       0 100.00%         8       3  62.50%
weft_eq_i8                        5       1  80.00%         5       0 100.00%         2       1  50.00%
weft_lt_s8                        5       1  80.00%         4       0 100.00%         2       1  50.00%
weft_lt_u8                        5       5   0.00%         4       4   0.00%         2       2   0.00%
weft_not_16                       2       0 100.00%         1       0 100.00%         0       0   0.00%
weft_add_i16                      8       0 100.00%         6       0 100.00%         4       0 100.00%
weft_sub_i16                      8       0 100.00%         5       0 100.00%         4       0 100.00%
weft_mul_i16                     14       0 100.00%         8       0 100.00%         8       0 100.00%
weft_shl_i16                      9       1  88.89%         7       0 100.00%         4       1  75.00%
weft_shr_s16                      9       1  88.89%         7       0 100.00%         4       1  75.00%
weft_shr_u16                      9       1  88.89%         7       0 100.00%         4       1  75.00%
weft_and_16                      17       5  70.59%         9       0 100.00%        10       5  50.00%
weft_or_16                       17      17   0.00%         9       9   0.00%        10      10   0.00%
weft_xor_16                      11       3  72.73%         7       0 100.00%         6       3  50.00%
weft_sel_16                      15       4  73.33%         7       0 100.00%         8       3  62.50%
weft_eq_i16                       5       1  80.00%         5       0 100.00%         2       1  50.00%
weft_lt_s16                       5       1  80.00%         4       0 100.00%         2       1  50.00%
weft_lt_u16                       5       5   0.00%         4       4   0.00%         2       2   0.00%
weft_not_32                       2       0 100.00%         1       0 100.00%         0       0   0.00%
weft_add_i32                      8       0 100.00%         6       0 100.00%         4       0 100.00%
weft_sub_i32                      8       0 100.00%         5       0 100.00%         4       0 100.00%
weft_mul_i32                     14       0 100.00%         8       0 100.00%         8       0 100.00%
weft_shl_i32                      9       1  88.89%         7       0 100.00%         4       1  75.00%
weft_shr_s32                      9       1  88.89%         7       0 100.00%         4       1  75.00%
weft_shr_u32                      9       1  88.89%         7       0 100.00%         4       1  75.00%
weft_and_32                      17       5  70.59%         9       0 100.00%        10       5  50.00%
weft_or_32                       17      17   0.00%         9       9   0.00%        10      10   0.00%
weft_xor_32                      11       3  72.73%         7       0 100.00%         6       3  50.00%
weft_sel_32                      15       4  73.33%         7       0 100.00%         8       3  62.50%
weft_eq_i32                       5       1  80.00%         5       0 100.00%         2       1  50.00%
weft_lt_s32                       5       1  80.00%         4       0 100.00%         2       1  50.00%
weft_lt_u32                       5       5   0.00%         4       4   0.00%         2       2   0.00%
weft_not_64                       2       0 100.00%         1       0 100.00%         0       0   0.00%
weft_add_i64                      8       0 100.00%         6       0 100.00%         4       0 100.00%
weft_sub_i64                      8       0 100.00%         5       0 100.00%         4       0 100.00%
weft_mul_i64                     14       0 100.00%         8       0 100.00%         8       0 100.00%
weft_shl_i64                      9       1  88.89%         7       0 100.00%         4       1  75.00%
weft_shr_s64                      9       1  88.89%         7       0 100.00%         4       1  75.00%
weft_shr_u64                      9       1  88.89%         7       0 100.00%         4       1  75.00%
weft_and_64                      17       5  70.59%         9       0 100.00%        10       5  50.00%
weft_or_64                       17      17   0.00%         9       9   0.00%        10      10   0.00%
weft_xor_64                      11       3  72.73%         7       0 100.00%         6       3  50.00%
weft_sel_64                      15       4  73.33%         7       0 100.00%         8       3  62.50%
weft_eq_i64                       5       1  80.00%         5       0 100.00%         2       1  50.00%
weft_lt_s64                       5       1  80.00%         4       0 100.00%         2       1  50.00%
weft_lt_u64                       5       5   0.00%         4       4   0.00%         2       2   0.00%
weft_narrow_i16                   2       2   0.00%         1       1   0.00%         0       0   0.00%
weft_narrow_i32                   2       2   0.00%         1       1   0.00%         0       0   0.00%
weft_narrow_i64                   2       2   0.00%         1       1   0.00%         0       0   0.00%
weft_widen_s8                     2       2   0.00%         1       1   0.00%         0       0   0.00%
weft_widen_s16                    2       2   0.00%         1       1   0.00%         0       0   0.00%
weft_widen_s32                    2       2   0.00%         1       1   0.00%         0       0   0.00%
weft_widen_u8                     2       2   0.00%         1       1   0.00%         0       0   0.00%
weft_widen_u16                    2       2   0.00%         1       1   0.00%         0       0   0.00%
weft_widen_u32                    2       2   0.00%         1       1   0.00%         0       0   0.00%
weft.c:inst_                     24       0 100.00%        32       0 100.00%        18       0 100.00%
weft.c:fnv1a                      3       0 100.00%         8       0 100.00%         2       0 100.00%
weft.c:lookup_cse                12       0 100.00%        12       0 100.00%         8       1  87.50%
weft.c:constant_prop             34       2  94.12%        39       1  97.44%        32       8  75.00%
weft.c:insert_cse                 6       0 100.00%        12       0 100.00%         4       1  75.00%
weft.c:done                       1       0 100.00%         8       0 100.00%         0       0   0.00%
weft.c:splat_8                    7       0 100.00%         1       0 100.00%         2       0 100.00%
weft.c:splat_16                   7       0 100.00%         1       0 100.00%         2       0 100.00%
weft.c:splat_32                   7       0 100.00%         1       0 100.00%         2       0 100.00%
weft.c:splat_64                   7       0 100.00%         1       0 100.00%         2       0 100.00%
weft.c:uniform_8                  7       0 100.00%         1       0 100.00%         2       0 100.00%
weft.c:uniform_16                 7       0 100.00%         1       0 100.00%         2       0 100.00%
weft.c:uniform_32                 7       0 100.00%         1       0 100.00%         2       0 100.00%
weft.c:uniform_64                 7       0 100.00%         1       0 100.00%         2       0 100.00%
weft.c:load_8                     6       0 100.00%         6       0 100.00%         2       0 100.00%
weft.c:load_16                    6       0 100.00%         6       0 100.00%         2       0 100.00%
weft.c:load_32                    6       0 100.00%         6       0 100.00%         2       0 100.00%
weft.c:load_64                    6       0 100.00%         6       0 100.00%         2       0 100.00%
weft.c:store_8                    8       0 100.00%         5       0 100.00%         2       0 100.00%
weft.c:store_8_done               7       0 100.00%         5       0 100.00%         2       0 100.00%
weft.c:store_16                   8       0 100.00%         5       0 100.00%         2       0 100.00%
weft.c:store_16_done              7       0 100.00%         5       0 100.00%         2       0 100.00%
weft.c:store_32                   8       0 100.00%         5       0 100.00%         2       0 100.00%
weft.c:store_32_done              7       0 100.00%         5       0 100.00%         2       0 100.00%
weft.c:store_64                   8       0 100.00%         5       0 100.00%         2       0 100.00%
weft.c:store_64_done              7       0 100.00%         5       0 100.00%         2       0 100.00%
weft.c:assert_8                   7       0 100.00%         1       0 100.00%         2       0 100.00%
weft.c:assert_16                  7       0 100.00%         1       0 100.00%         2       0 100.00%
weft.c:assert_32                  7       0 100.00%         1       0 100.00%         2       0 100.00%
weft.c:assert_64                  7       0 100.00%         1       0 100.00%         2       0 100.00%
weft.c:cast_f16                   8       8   0.00%         1       1   0.00%         2       2   0.00%
weft.c:cast_s16                   8       8   0.00%         1       1   0.00%         2       2   0.00%
weft.c:ceil_f16                   8       0 100.00%         1       0 100.00%         2       0 100.00%
weft.c:floor_f16                  8       0 100.00%         1       0 100.00%         2       0 100.00%
weft.c:sqrt_f16                   8       0 100.00%         1       0 100.00%         2       0 100.00%
weft.c:sort_commutative           7       0 100.00%         6       0 100.00%         4       0 100.00%
weft.c:is_splat                   3       0 100.00%         4       0 100.00%         4       0 100.00%
weft.c:add_f16                    9       0 100.00%         1       0 100.00%         2       0 100.00%
weft.c:sub_f16                    9       0 100.00%         1       0 100.00%         2       0 100.00%
weft.c:mul_f16                    9       0 100.00%         1       0 100.00%         2       0 100.00%
weft.c:div_f16                    9       0 100.00%         1       0 100.00%         2       0 100.00%
weft.c:eq_f16                    12       1  91.67%         1       0 100.00%         4       1  75.00%
weft.c:lt_f16                    12      12   0.00%         1       1   0.00%         4       4   0.00%
weft.c:le_f16                    12      12   0.00%         1       1   0.00%         4       4   0.00%
weft.c:gt_f16                    12      12   0.00%         1       1   0.00%         4       4   0.00%
weft.c:ge_f16                    12      12   0.00%         1       1   0.00%         4       4   0.00%
weft.c:cast_f32                   8       8   0.00%         1       1   0.00%         2       2   0.00%
weft.c:cast_s32                   8       8   0.00%         1       1   0.00%         2       2   0.00%
weft.c:ceil_f32                   8       0 100.00%         1       0 100.00%         2       0 100.00%
weft.c:floor_f32                  8       0 100.00%         1       0 100.00%         2       0 100.00%
weft.c:sqrt_f32                   8       0 100.00%         1       0 100.00%         2       0 100.00%
weft.c:add_f32                    9       0 100.00%         1       0 100.00%         2       0 100.00%
weft.c:sub_f32                    9       0 100.00%         1       0 100.00%         2       0 100.00%
weft.c:mul_f32                    9       0 100.00%         1       0 100.00%         2       0 100.00%
weft.c:div_f32                    9       0 100.00%         1       0 100.00%         2       0 100.00%
weft.c:eq_f32                    12       1  91.67%         1       0 100.00%         4       1  75.00%
weft.c:lt_f32                    12      12   0.00%         1       1   0.00%         4       4   0.00%
weft.c:le_f32                    12      12   0.00%         1       1   0.00%         4       4   0.00%
weft.c:gt_f32                    12      12   0.00%         1       1   0.00%         4       4   0.00%
weft.c:ge_f32                    12      12   0.00%         1       1   0.00%         4       4   0.00%
weft.c:cast_f64                   8       8   0.00%         1       1   0.00%         2       2   0.00%
weft.c:cast_s64                   8       8   0.00%         1       1   0.00%         2       2   0.00%
weft.c:ceil_f64                   8       0 100.00%         1       0 100.00%         2       0 100.00%
weft.c:floor_f64                  8       0 100.00%         1       0 100.00%         2       0 100.00%
weft.c:sqrt_f64                   8       0 100.00%         1       0 100.00%         2       0 100.00%
weft.c:add_f64                    9       0 100.00%         1       0 100.00%         2       0 100.00%
weft.c:sub_f64                    9       0 100.00%         1       0 100.00%         2       0 100.00%
weft.c:mul_f64                    9       0 100.00%         1       0 100.00%         2       0 100.00%
weft.c:div_f64                    9       0 100.00%         1       0 100.00%         2       0 100.00%
weft.c:eq_f64                    12       1  91.67%         1       0 100.00%         4       1  75.00%
weft.c:lt_f64                    12      12   0.00%         1       1   0.00%         4       4   0.00%
weft.c:le_f64                    12      12   0.00%         1       1   0.00%         4       4   0.00%
weft.c:gt_f64                    12      12   0.00%         1       1   0.00%         4       4   0.00%
weft.c:ge_f64                    12      12   0.00%         1       1   0.00%         4       4   0.00%
weft.c:not_8                      8       0 100.00%         1       0 100.00%         2       0 100.00%
weft.c:add_i8                     9       0 100.00%         1       0 100.00%         2       0 100.00%
weft.c:sub_i8                     9       0 100.00%         1       0 100.00%         2       0 100.00%
weft.c:mul_i8                     9       0 100.00%         1       0 100.00%         2       0 100.00%
weft.c:any_splat                  1       0 100.00%         4       0 100.00%         0       0   0.00%
weft.c:shli_i8                    8       0 100.00%         1       0 100.00%         2       0 100.00%
weft.c:shlv_i8                    9       0 100.00%         1       0 100.00%         2       0 100.00%
weft.c:shri_s8                    8       0 100.00%         1       0 100.00%         2       0 100.00%
weft.c:shrv_s8                    9       0 100.00%         1       0 100.00%         2       0 100.00%
weft.c:shri_u8                    8       0 100.00%         1       0 100.00%         2       0 100.00%
weft.c:shrv_u8                    9       0 100.00%         1       0 100.00%         2       0 100.00%
weft.c:and_8                      9       0 100.00%         1       0 100.00%         2       0 100.00%
weft.c:or_8                       9       9   0.00%         1       1   0.00%         2       2   0.00%
weft.c:xor_8                      9       0 100.00%         1       0 100.00%         2       0 100.00%
weft.c:bic_8                      9       9   0.00%         1       1   0.00%         2       2   0.00%
weft.c:sel_8                     10       0 100.00%         6       0 100.00%         2       0 100.00%
weft.c:eq_i8                     12       1  91.67%         1       0 100.00%         4       1  75.00%
weft.c:lt_s8                     12       0 100.00%         1       0 100.00%         4       0 100.00%
weft.c:lt_u8                     12      12   0.00%         1       1   0.00%         4       4   0.00%
weft.c:not_16                     8       0 100.00%         1       0 100.00%         2       0 100.00%
weft.c:add_i16                    9       0 100.00%         1       0 100.00%         2       0 100.00%
weft.c:sub_i16                    9       0 100.00%         1       0 100.00%         2       0 100.00%
weft.c:mul_i16                    9       0 100.00%         1       0 100.00%         2       0 100.00%
weft.c:shli_i16                   8       0 100.00%         1       0 100.00%         2       0 100.00%
weft.c:shlv_i16                   9       0 100.00%         1       0 100.00%         2       0 100.00%
weft.c:shri_s16                   8       0 100.00%         1       0 100.00%         2       0 100.00%
weft.c:shrv_s16                   9       0 100.00%         1       0 100.00%         2       0 100.00%
weft.c:shri_u16                   8       0 100.00%         1       0 100.00%         2       0 100.00%
weft.c:shrv_u16                   9       0 100.00%         1       0 100.00%         2       0 100.00%
weft.c:and_16                     9       0 100.00%         1       0 100.00%         2       0 100.00%
weft.c:or_16                      9       9   0.00%         1       1   0.00%         2       2   0.00%
weft.c:xor_16                     9       0 100.00%         1       0 100.00%         2       0 100.00%
weft.c:bic_16                     9       9   0.00%         1       1   0.00%         2       2   0.00%
weft.c:sel_16                    10       0 100.00%         6       0 100.00%         2       0 100.00%
weft.c:eq_i16                    12       1  91.67%         1       0 100.00%         4       1  75.00%
weft.c:lt_s16                    12       0 100.00%         1       0 100.00%         4       0 100.00%
weft.c:lt_u16                    12      12   0.00%         1       1   0.00%         4       4   0.00%
weft.c:not_32                     8       0 100.00%         1       0 100.00%         2       0 100.00%
weft.c:add_i32                    9       0 100.00%         1       0 100.00%         2       0 100.00%
weft.c:sub_i32                    9       0 100.00%         1       0 100.00%         2       0 100.00%
weft.c:mul_i32                    9       0 100.00%         1       0 100.00%         2       0 100.00%
weft.c:shli_i32                   8       0 100.00%         1       0 100.00%         2       0 100.00%
weft.c:shlv_i32                   9       0 100.00%         1       0 100.00%         2       0 100.00%
weft.c:shri_s32                   8       0 100.00%         1       0 100.00%         2       0 100.00%
weft.c:shrv_s32                   9       0 100.00%         1       0 100.00%         2       0 100.00%
weft.c:shri_u32                   8       0 100.00%         1       0 100.00%         2       0 100.00%
weft.c:shrv_u32                   9       0 100.00%         1       0 100.00%         2       0 100.00%
weft.c:and_32                     9       0 100.00%         1       0 100.00%         2       0 100.00%
weft.c:or_32                      9       9   0.00%         1       1   0.00%         2       2   0.00%
weft.c:xor_32                     9       0 100.00%         1       0 100.00%         2       0 100.00%
weft.c:bic_32                     9       9   0.00%         1       1   0.00%         2       2   0.00%
weft.c:sel_32                    10       0 100.00%         6       0 100.00%         2       0 100.00%
weft.c:eq_i32                    12       1  91.67%         1       0 100.00%         4       1  75.00%
weft.c:lt_s32                    12       0 100.00%         1       0 100.00%         4       0 100.00%
weft.c:lt_u32                    12      12   0.00%         1       1   0.00%         4       4   0.00%
weft.c:not_64                     8       0 100.00%         1       0 100.00%         2       0 100.00%
weft.c:add_i64                    9       0 100.00%         1       0 100.00%         2       0 100.00%
weft.c:sub_i64                    9       0 100.00%         1       0 100.00%         2       0 100.00%
weft.c:mul_i64                    9       0 100.00%         1       0 100.00%         2       0 100.00%
weft.c:shli_i64                   8       0 100.00%         1       0 100.00%         2       0 100.00%
weft.c:shlv_i64                   9       0 100.00%         1       0 100.00%         2       0 100.00%
weft.c:shri_s64                   8       0 100.00%         1       0 100.00%         2       0 100.00%
weft.c:shrv_s64                   9       0 100.00%         1       0 100.00%         2       0 100.00%
weft.c:shri_u64                   8       0 100.00%         1       0 100.00%         2       0 100.00%
weft.c:shrv_u64                   9       0 100.00%         1       0 100.00%         2       0 100.00%
weft.c:and_64                     9       0 100.00%         1       0 100.00%         2       0 100.00%
weft.c:or_64                      9       9   0.00%         1       1   0.00%         2       2   0.00%
weft.c:xor_64                     9       0 100.00%         1       0 100.00%         2       0 100.00%
weft.c:bic_64                     9       9   0.00%         1       1   0.00%         2       2   0.00%
weft.c:sel_64                    10       0 100.00%         6       0 100.00%         2       0 100.00%
weft.c:eq_i64                    12       1  91.67%         1       0 100.00%         4       1  75.00%
weft.c:lt_s64                    12       0 100.00%         1       0 100.00%         4       0 100.00%
weft.c:lt_u64                    12      12   0.00%         1       1   0.00%         4       4   0.00%
weft.c:narrow_i16                 8       8   0.00%         1       1   0.00%         2       2   0.00%
weft.c:narrow_i32                 8       8   0.00%         1       1   0.00%         2       2   0.00%
weft.c:narrow_i64                 8       8   0.00%         1       1   0.00%         2       2   0.00%
weft.c:widen_s8                   8       8   0.00%         1       1   0.00%         2       2   0.00%
weft.c:widen_s16                  8       8   0.00%         1       1   0.00%         2       2   0.00%
weft.c:widen_s32                  8       8   0.00%         1       1   0.00%         2       2   0.00%
weft.c:widen_u8                   8       8   0.00%         1       1   0.00%         2       2   0.00%
weft.c:widen_u16                  8       8   0.00%         1       1   0.00%         2       2   0.00%
weft.c:widen_u32                  8       8   0.00%         1       1   0.00%         2       2   0.00%
-------------------------------------------------------------------------------------------------------
TOTAL                          2246     608  72.93%       910     120  86.81%       808     250  69.06%
